
> frontend@0.0.0 build
> vite build

[36mvite v8.0.1 [32mbuilding client environment for production...[36m[39m
[2K
transforming...Γ£ô 1781 modules transformed.
rendering chunks...
node.exe : 
[31mΓ£ù[39m Build 
failed in 780ms
At line:1 char:1
+ & "C:\Program Files\
nodejs/node.exe" 
"C:\Program 
Files\nodejs/node_mo 
...
+ ~~~~~~~~~~~~~~~~~~~~
~~~~~~~~~~~~~~~~~~~~~~
~~~~~~~~~~~~~~~~~~~~~~
~~~~~
    + CategoryInfo    
          : NotSpeci  
  fied: ([31mΓ£ù[   
 39m Build failed     
in 780ms:String)     
[], RemoteExcepti    
on
    + FullyQualifiedE 
   rrorId : NativeCo  
  mmandError
 
[31merror during 
build:
[31mBuild failed 
with 1 error:

[31m[MISSING_EXPORT] 
Error:[0m 
"SterlingPound" is 
not exported by "node_
modules/lucide-react/d
ist/esm/lucide-react.j
s".
   [38;5;246mΓò¡[0m
[38;5;246mΓöÇ[0m[38;
5;246m[[0m src/compon
ents/admin/AdminSideba
r.jsx:2:33 
[38;5;246m][0m
   [38;5;246mΓöé[0m
 [38;5;246m2 Γöé[0m 
[38;5;249mi[0m[38;5
;249mm[0m[38;5;249mp
[0m[38;5;249mo[0m[
38;5;249mr[0m[38;5;2
49mt[0m[38;5;249m [
0m[38;5;249m{[0m[38
;5;249m [0m[38;5;249
mF[0m[38;5;249mi[0m
[38;5;249ml[0m[38;5
;249me[0m[38;5;249mT
[0m[38;5;249me[0m[
38;5;249mx[0m[38;5;2
49mt[0m[38;5;249m,[
0m[38;5;249m [0m[38
;5;249mC[0m[38;5;249
mh[0m[38;5;249me[0m
[38;5;249mc[0m[38;5
;249mk[0m[38;5;249mC
[0m[38;5;249mi[0m[
38;5;249mr[0m[38;5;2
49mc[0m[38;5;249ml[
0m[38;5;249me[0m[38
;5;249m,[0m[38;5;249
m [0mSterlingPound[3
8;5;249m,[0m[38;5;24
9m [0m[38;5;249mC[0
m[38;5;249mh[0m[38;
5;249me[0m[38;5;249m
c[0m[38;5;249mk[0m
[38;5;249mS[0m[38;5;
249mq[0m[38;5;249mu
[0m[38;5;249ma[0m[3
8;5;249mr[0m[38;5;24
9me[0m[38;5;249m,[0
m[38;5;249m [0m[38;
5;249mP[0m[38;5;249m
a[0m[38;5;249mc[0m
[38;5;249mk[0m[38;5;
249ma[0m[38;5;249mg
[0m[38;5;249me[0m[3
8;5;249m,[0m[38;5;24
9m [0m[38;5;249mH[0
m[38;5;249me[0m[38;
5;249ml[0m[38;5;249m
p[0m[38;5;249mC[0m
[38;5;249mi[0m[38;5;
249mr[0m[38;5;249mc
[0m[38;5;249ml[0m[3
8;5;249me[0m[38;5;24
9m [0m[38;5;249m}[0
m[38;5;249m [0m[38;
5;249mf[0m[38;5;249m
r[0m[38;5;249mo[0m
[38;5;249mm[0m[38;5;
249m [0m[38;5;249m"
[0m[38;5;249ml[0m[3
8;5;249mu[0m[38;5;24
9mc[0m[38;5;249mi[0
m[38;5;249md[0m[38;
5;249me[0m[38;5;249m
-[0m[38;5;249mr[0m
[38;5;249me[0m[38;5;
249ma[0m[38;5;249mc
[0m[38;5;249mt[0m[3
8;5;249m"[0m[38;5;24
9m;[0m
 [38;5;240m  Γöé[0m 
                      
          ΓöÇΓöÇΓöÇΓöÇ
ΓöÇΓöÇΓö¼ΓöÇΓöÇΓöÇΓöÇΓ
öÇΓöÇ  
 [38;5;240m  Γöé[0m 
                      
                Γò░ΓöÇ
ΓöÇΓöÇΓöÇΓöÇΓöÇΓöÇΓöÇ 
Missing export
[38;5;246mΓöÇΓöÇΓöÇΓò
»[0m
[31m
    at aggregateBindin
gErrorsIntoJsError (fi
le:///C:/Users/yaswa/.
gemini/antigravity/scr
atch/the-great-nizam/f
rontend/node_modules/r
olldown/dist/shared/er
ror-BO4SlZV_.mjs:48:18
)
    at 
unwrapBindingResult (f
ile:///C:/Users/yaswa/
.gemini/antigravity/sc
ratch/the-great-nizam/
frontend/node_modules/
rolldown/dist/shared/e
rror-BO4SlZV_.mjs:18:1
28)
    at #build (file://
/C:/Users/yaswa/.gemin
i/antigravity/scratch/
the-great-nizam/fronte
nd/node_modules/rolldo
wn/dist/shared/rolldow
n-build-yQC7KN8K.mjs:3
311:34)
    at async 
buildEnvironment (file
:///C:/Users/yaswa/.ge
mini/antigravity/scrat
ch/the-great-nizam/fro
ntend/node_modules/vit
e/dist/node/chunks/nod
e.js:32817:64)
    at async 
Object.build (file:///
C:/Users/yaswa/.gemini
/antigravity/scratch/t
he-great-nizam/fronten
d/node_modules/vite/di
st/node/chunks/node.js
:33239:19)
    at async 
Object.buildApp (file:
///C:/Users/yaswa/.gem
ini/antigravity/scratc
h/the-great-nizam/fron
tend/node_modules/vite
/dist/node/chunks/node
.js:33236:153)
    at async 
CAC.<anonymous> (file:
///C:/Users/yaswa/.gem
ini/antigravity/scratc
h/the-great-nizam/fron
tend/node_modules/vite
/dist/node/cli.js:778:
3) {
  errors: 
[Getter/Setter]
}[39m
